{"timestamp": "2025-12-10T02:32:33.996571", "command": "ls", "args": ["/"], "error": null}
{"timestamp": "2025-12-10T02:32:33.996747", "command": "cd", "args": ["/dir1"], "error": null}
{"timestamp": "2025-12-10T02:32:33.996808", "command": "ls", "args": [], "error": null}
{"timestamp": "2025-12-10T02:32:33.996858", "command": "cat", "args": ["file2.txt"], "error": null}
{"timestamp": "2025-12-10T02:32:33.996904", "command": "whoami", "args": [], "error": null}
{"timestamp": "2025-12-10T02:32:33.996943", "command": "date", "args": [], "error": null}
{"timestamp": "2025-12-10T02:32:45.655913", "command": "exit", "args": [], "error": null}
